  AK:    37 agencies     0.3 MB
  AL:   443 agencies     3.1 MB
  AR:   380 agencies     2.7 MB
  AZ:   127 agencies     1.1 MB
  CA:   867 agencies     7.8 MB
  CO:   253 agencies     2.0 MB
  CT:   108 agencies     0.8 MB
  DC:     3 agencies     0.0 MB
  DE:    63 agencies     0.4 MB
  FL:   833 agencies     4.9 MB
  GA:   664 agencies     5.4 MB
  GU:     1 agencies     0.0 MB
  HI:    13 agencies     0.1 MB
  IA:   283 agencies     2.0 MB
  ID:   113 agencies     0.8 MB
  IL:   925 agencies     6.3 MB
  IN:   360 agencies     2.8 MB
  KS:   413 agencies     2.7 MB
  KY:   462 agencies     3.0 MB
  LA:   233 agencies     2.0 MB
  MA:   423 agencies     2.9 MB
  MD:   154 agencies     1.1 MB
  ME:   129 agencies     0.9 MB
  MI:   655 agencies     4.8 MB
  MN:   400 agencies     2.9 MB
  MO:   600 agencies     4.3 MB
  MS:   311 agencies     2.4 MB
  MT:   114 agencies     0.8 MB
  NC:   537 agencies     4.9 MB
  ND:   107 agencies     0.7 MB
  NE:   287 agencies     1.8 MB
  NH:   211 agencies     1.4 MB
  NJ:   579 agencies     4.0 MB
  NM:   135 agencies     1.0 MB
  NV:    72 agencies     0.5 MB
  NY:   537 agencies     4.3 MB
  OH:   863 agencies     7.2 MB
  OK:   484 agencies     3.2 MB
  OR:   240 agencies     1.8 MB
  PA: 1,439 agencies    10.6 MB
  PR:     1 agencies     0.0 MB
  RI:    49 agencies     0.3 MB
  SC:   552 agencies     3.9 MB
  SD:   141 agencies     0.9 MB
  TN:   412 agencies     3.0 MB
  TX: 1,754 agencies    13.6 MB
  UT:   144 agencies     1.1 MB
  VA:   412 agencies     2.9 MB
  VI:     2 agencies     0.0 MB
  VT:    87 agencies     0.6 MB
  WA:   270 agencies     2.2 MB
  WI:   464 agencies     3.3 MB
  WV:   410 agencies     2.5 MB
  WY:    69 agencies     0.5 MB
DONE 144.249446 MB
